// Jest Snapshot v1, https://goo.gl/fbAQLP

exports[`Projects renders 1`] = `
<section
  aria-labelledby="projectsHeader"
  class="Projects"
  id="projects"
>
  <header>
    <h2
      class="headerLabel"
      id="projectsHeader"
    >
      Projects
    </h2>
  </header>
  <arrow-nav-tabs-stub
    aria-controls="project"
    aria-labelledby="projectsHeader"
  />
  <project-stub
    aria-live="polite"
    id="project"
  />
  <div
    class="Projects__arrowSelectorContainer"
  >
    <arrow-selector-stub
      aria-controls="project"
      aria-labelledby="projectsHeader"
    />
  </div>
</section>
`;
